// Jest Snapshot v1, https://goo.gl/fbAQLP

exports[`<Search/> render 1`] = `
<div
  className="youtube"
>
  <div
    className="group"
  >
    <input
      autoComplete="off"
      defaultValue={undefined}
      name="searchInput"
      onBlur={[Function]}
      onChange={[Function]}
      onFocus={[Function]}
      required={true}
      type="text"
    />
    <label
      htmlFor="searchInput"
    >
      Search YouTube (or enter a YouTube Link)
    </label>
    <span
      className="highlight"
    />
    <span
      className="bar"
    />
  </div>
  <div
    className="youtube-items"
  />
</div>
`;
