// Jest Snapshot v1, https://goo.gl/fbAQLP

exports[`<SoundList/> progress === 1 1`] = `
<section>
  <div
    className="sound-list"
  >
    <div
      className="sound-item-wrap"
    >
      <div
        className="item editing"
      >
        <form
          onSubmit={[Function]}
        >
          <div
            className="group"
          >
            <label
              htmlFor="name"
            >
              <input
                autoComplete="off"
                defaultValue="thunder"
                name="name"
                onBlur={[Function]}
                onChange={[Function]}
                onFocus={[Function]}
                required={true}
                type="text"
              />
              Name
            </label>
            <span
              className="highlight"
            />
            <span
              className="bar"
            />
          </div>
          <div
            className="group"
          >
            <label
              htmlFor="tags"
            >
              <input
                autoComplete="off"
                defaultValue={null}
                name="tags"
                onBlur={[Function]}
                onChange={[Function]}
                onFocus={[Function]}
                required={true}
                type="text"
              />
              Tag
            </label>
            <span
              className="highlight"
            />
            <span
              className="bar"
            />
          </div>
          <a
            className="button"
            onClick={[Function]}
            role="link"
            tabIndex={-1}
          >
            Cancel
          </a>
          <button
            className="button"
            style={
              Object {
                "backgroundColor": "#4CAF50",
                "borderColor": "#4CAF50",
              }
            }
          >
            Save
          </button>
        </form>
      </div>
    </div>
    <div
      className="sound-item-wrap"
    >
      <div
        className="item editing"
      >
        <form
          onSubmit={[Function]}
        >
          <div
            className="group"
          >
            <label
              htmlFor="name"
            >
              <input
                autoComplete="off"
                defaultValue="thunder"
                name="name"
                onBlur={[Function]}
                onChange={[Function]}
                onFocus={[Function]}
                required={true}
                type="text"
              />
              Name
            </label>
            <span
              className="highlight"
            />
            <span
              className="bar"
            />
          </div>
          <div
            className="group"
          >
            <label
              htmlFor="tags"
            >
              <input
                autoComplete="off"
                defaultValue={null}
                name="tags"
                onBlur={[Function]}
                onChange={[Function]}
                onFocus={[Function]}
                required={true}
                type="text"
              />
              Tag
            </label>
            <span
              className="highlight"
            />
            <span
              className="bar"
            />
          </div>
          <a
            className="button"
            onClick={[Function]}
            role="link"
            tabIndex={-1}
          >
            Cancel
          </a>
          <button
            className="button"
            style={
              Object {
                "backgroundColor": "#4CAF50",
                "borderColor": "#4CAF50",
              }
            }
          >
            Save
          </button>
        </form>
      </div>
    </div>
  </div>
  <div
    className="sound-list"
  >
    <div
      className="sound-item-wrap"
    >
      <div
        className="item editing"
      >
        <form
          onSubmit={[Function]}
        >
          <div
            className="group"
          >
            <label
              htmlFor="name"
            >
              <input
                autoComplete="off"
                defaultValue="thunder"
                name="name"
                onBlur={[Function]}
                onChange={[Function]}
                onFocus={[Function]}
                required={true}
                type="text"
              />
              Name
            </label>
            <span
              className="highlight"
            />
            <span
              className="bar"
            />
          </div>
          <div
            className="group"
          >
            <label
              htmlFor="tags"
            >
              <input
                autoComplete="off"
                defaultValue={null}
                name="tags"
                onBlur={[Function]}
                onChange={[Function]}
                onFocus={[Function]}
                required={true}
                type="text"
              />
              Tag
            </label>
            <span
              className="highlight"
            />
            <span
              className="bar"
            />
          </div>
          <a
            className="button"
            onClick={[Function]}
            role="link"
            tabIndex={-1}
          >
            Cancel
          </a>
          <button
            className="button"
            style={
              Object {
                "backgroundColor": "#4CAF50",
                "borderColor": "#4CAF50",
              }
            }
          >
            Save
          </button>
        </form>
      </div>
    </div>
    <div
      className="sound-item-wrap"
    >
      <div
        className="item editing"
      >
        <form
          onSubmit={[Function]}
        >
          <div
            className="group"
          >
            <label
              htmlFor="name"
            >
              <input
                autoComplete="off"
                defaultValue="thunder"
                name="name"
                onBlur={[Function]}
                onChange={[Function]}
                onFocus={[Function]}
                required={true}
                type="text"
              />
              Name
            </label>
            <span
              className="highlight"
            />
            <span
              className="bar"
            />
          </div>
          <div
            className="group"
          >
            <label
              htmlFor="tags"
            >
              <input
                autoComplete="off"
                defaultValue={null}
                name="tags"
                onBlur={[Function]}
                onChange={[Function]}
                onFocus={[Function]}
                required={true}
                type="text"
              />
              Tag
            </label>
            <span
              className="highlight"
            />
            <span
              className="bar"
            />
          </div>
          <a
            className="button"
            onClick={[Function]}
            role="link"
            tabIndex={-1}
          >
            Cancel
          </a>
          <button
            className="button"
            style={
              Object {
                "backgroundColor": "#4CAF50",
                "borderColor": "#4CAF50",
              }
            }
          >
            Save
          </button>
        </form>
      </div>
    </div>
    <div
      className="sound-item-wrap"
    >
      <div
        className="item editing"
      >
        <form
          onSubmit={[Function]}
        >
          <div
            className="group"
          >
            <label
              htmlFor="name"
            >
              <input
                autoComplete="off"
                defaultValue="thunder"
                name="name"
                onBlur={[Function]}
                onChange={[Function]}
                onFocus={[Function]}
                required={true}
                type="text"
              />
              Name
            </label>
            <span
              className="highlight"
            />
            <span
              className="bar"
            />
          </div>
          <div
            className="group"
          >
            <label
              htmlFor="tags"
            >
              <input
                autoComplete="off"
                defaultValue={null}
                name="tags"
                onBlur={[Function]}
                onChange={[Function]}
                onFocus={[Function]}
                required={true}
                type="text"
              />
              Tag
            </label>
            <span
              className="highlight"
            />
            <span
              className="bar"
            />
          </div>
          <a
            className="button"
            onClick={[Function]}
            role="link"
            tabIndex={-1}
          >
            Cancel
          </a>
          <button
            className="button"
            style={
              Object {
                "backgroundColor": "#4CAF50",
                "borderColor": "#4CAF50",
              }
            }
          >
            Save
          </button>
        </form>
      </div>
    </div>
  </div>
</section>
`;

exports[`<SoundList/> render 1`] = `
<section>
  <div
    className="sound-list"
  />
  <div
    className="sound-list"
  >
    <div
      className="sound-item-wrap"
    >
      <div
        className="item editing"
      >
        <form
          onSubmit={[Function]}
        >
          <div
            className="group"
          >
            <label
              htmlFor="name"
            >
              <input
                autoComplete="off"
                defaultValue="thunder"
                name="name"
                onBlur={[Function]}
                onChange={[Function]}
                onFocus={[Function]}
                required={true}
                type="text"
              />
              Name
            </label>
            <span
              className="highlight"
            />
            <span
              className="bar"
            />
          </div>
          <div
            className="group"
          >
            <label
              htmlFor="tags"
            >
              <input
                autoComplete="off"
                defaultValue={null}
                name="tags"
                onBlur={[Function]}
                onChange={[Function]}
                onFocus={[Function]}
                required={true}
                type="text"
              />
              Tag
            </label>
            <span
              className="highlight"
            />
            <span
              className="bar"
            />
          </div>
          <a
            className="button"
            onClick={[Function]}
            role="link"
            tabIndex={-1}
          >
            Cancel
          </a>
          <button
            className="button"
            style={
              Object {
                "backgroundColor": "#4CAF50",
                "borderColor": "#4CAF50",
              }
            }
          >
            Save
          </button>
        </form>
      </div>
    </div>
  </div>
</section>
`;

exports[`<SoundList/> render empty 1`] = `<div />`;
